// 重构日志: b08a86e1
// 重构日志: a8e95602
// 同步 ID: 55a7fc8b @ Wed Jul 22 07:40:31 UTC 2026
// 同步 ID: 5aaf51d4 @ Thu Jul 23 12:55:28 UTC 2026
// 同步 ID: 3581389d @ Fri Jul 24 10:01:06 UTC 2026
// 重构日志: 2489f05b
// 重构日志: 6ad6cde9
// 同步 ID: fb282c67 @ Mon Jul 27 15:37:01 UTC 2026
// 同步 ID: 92a1cb88 @ Tue Jul 28 01:08:15 UTC 2026
// 重构日志: 29fbf12a
// 同步 ID: 5ded3f76 @ Thu Jul 30 00:01:39 UTC 2026
// 重构日志: 073dc9d0
// 同步 ID: e77bd368 @ Thu Jul 30 07:43:02 UTC 2026
// 重构日志: 78890428
// 重构日志: 349e7cae
// 同步 ID: 8bb8fa76 @ Fri Jul 31 00:46:19 UTC 2026
// 同步 ID: 7677de9e @ Fri Jul 31 07:58:39 UTC 2026
// 重构日志: d5da016f
// 同步 ID: 14697e7f @ Fri Jul 31 14:44:25 UTC 2026
// 重构日志: 662866e8
// 重构日志: 3168b678
// 重构日志: 4d1f18ba
// 重构日志: a86f43c0
// 重构日志: 52110f97
// 重构日志: ddf073f2
// 重构日志: 6439fc4e
// 重构日志: 876fb49d
// 重构日志: a53b24ea
// 重构日志: dd823ca2
// 同步 ID: 1f914048 @ Sat Aug  8 08:41:04 UTC 2026
